../Core/Src/main.c:86:5:main	16	static
../Core/Src/main.c:142:6:SystemClock_Config	88	static
../Core/Src/main.c:184:13:MX_ADC1_Init	24	static
../Core/Src/main.c:236:13:MX_USART3_UART_Init	8	static
../Core/Src/main.c:271:13:MX_GPIO_Init	16	static
../Core/Src/main.c:287:6:displayADC	80	static
../Core/Src/main.c:299:6:displayLED	24	static
../Core/Src/main.c:343:6:displayHEX	40	static
../Core/Src/main.c:359:5:average_8	16	static
../Core/Src/main.c:374:5:average_16	16	static
../Core/Src/main.c:393:6:MPU_Config	24	static
../Core/Src/main.c:424:6:Error_Handler	4	static,ignoring_inline_asm
