../Drivers/CMSIS/Include/core_cm7.h:2229:22:SCB_EnableICache	4	static,ignoring_inline_asm
../Drivers/CMSIS/Include/core_cm7.h:2281:22:SCB_EnableDCache	24	static,ignoring_inline_asm
../Core/Src/main.c:113:5:main	8	static
../Core/Src/main.c:190:6:SystemClock_Config	88	static
../Core/Src/main.c:245:6:draw_sensor_value	248	static
../Core/Src/main.c:290:6:second_screen	16	static
../Core/Src/main.c:342:5:is_detect_picture	40	static
../Core/Src/main.c:362:6:draw_text_character_info	128	static
../Core/Src/main.c:399:6:main_screen	24	static
../Core/Src/main.c:470:7:isDetectCircle	64	static
../Core/Src/main.c:512:6:draw_div_circle	32	static
../Core/Src/main.c:526:6:draw_big_circle	24	static
../Core/Src/main.c:533:6:draw_base_progress_bar	64	static
../Core/Src/main.c:554:10:mixedColor	40	static
../Core/Src/main.c:563:10:CRC16_2	24	static
../Core/Src/main.c:582:6:draw_value_prog_bar	184	static
../Core/Src/main.c:640:6:Error_Handler	4	static,ignoring_inline_asm
